Id: pdbx-draw-secondary 22 2022-04-05 07:08:41Z rugile 
1.1.0-dev
