./scripts/pdbx-draw-secondary: ERROR, unknown option used. Please check help information by using -h option for possible options and their usage.
