./scripts/pdbx-draw-secondary: ERROR, input file "tests/data/pdbx-draw-secondary_014/unreadable.cif" is unreadable. Please check if input file was provided correctly.
