./scripts/pdbx-draw-secondary: ERROR, incorrect '-r' ('--rotation') option usage. Check  help (-h option) for more information.
